// Jest Snapshot v1, https://goo.gl/fbAQLP

exports[`renders Details component correctly 1`] = `
<div>
  Loading...
</div>
`;
